2364 real items; seeded 500 corruptions (100 per kind x 5)
  scored 100/400 seeded
  scored 200/400 seeded
  scored 300/400 seeded
  scored 400/400 seeded
  scored 100/100 lexical_decoy seeded

panel: 2864 items, reliability 0.284 (too_few_systems)

what the detector saw, by corruption kind:
  swapped_reference    n=100  mislabel_suspect=0    dead_all_fail=2    live=45   dead_all_pass=53  
                       reached the instrument: 0/100
                       recall = UNMEASURABLE -- this corruption changes only
                       the reference answer, and a matrix cell here is
                       retrieval overlap with the gold span, so no cell can
                       move. Not a measurement of the detector. Fix the seed,
                       not the number: a corruption that relocates the gold
                       span to a lexically SIMILAR document produces the
                       ranking inversion the detector looks for.
  foreign_evidence     n=100  mislabel_suspect=0    dead_all_fail=100  live=0    dead_all_pass=0   
                       reached the instrument: 100/100
                       recall(mislabel_suspect)=0%   recall(any anomaly)=100%
                       note: this corruption relocates the gold span to a
                       different document, so by construction no config can
                       retrieve it -- the 100% above is close to tautological,
                       not a measure of detector sensitivity.
  truncated_question   n=100  mislabel_suspect=4    dead_all_fail=57   live=30   dead_all_pass=9   
                       reached the instrument: 100/100
                       recall(mislabel_suspect)=4%   recall(any anomaly)=61%
  negated_reference    n=100  mislabel_suspect=0    dead_all_fail=6    live=40   dead_all_pass=54  
                       reached the instrument: 0/100
                       recall = UNMEASURABLE -- this corruption changes only
                       the reference answer, and a matrix cell here is
                       retrieval overlap with the gold span, so no cell can
                       move. Not a measurement of the detector. Fix the seed,
                       not the number: a corruption that relocates the gold
                       span to a lexically SIMILAR document produces the
                       ranking inversion the detector looks for.
  lexical_decoy        n=100  mislabel_suspect=2    dead_all_fail=6    live=70   dead_all_pass=22  
                       decoys retrieved by >=1 config: 94/100 (diagnostic, not the recall denominator)
                       note: 6/100 lexical_decoy seed(s) were never retrieved
                       by any panel config -- their decoy degenerated into
                       foreign_evidence (nothing could possibly find it). That
                       is a real result about the seed, kept in the recall
                       denominator below, not an absence of one to exclude.
                       recall(mislabel_suspect)=2%   recall(any anomaly)=8%  [PRIMARY -- over all emitted seeds]
                       recall(mislabel_suspect)=2%   recall(any anomaly)=2%  [conditioned on decoy retrieved by >=1 config -- NOT the headline number]

NOTE: seeded recall is an UPPER BOUND -- synthetic flaws may be easier to spot.
